=== scan pass (limit=None) ===
  scan: 500000 rows, 15428 unique tokens, 5.4s
  scan: 1000000 rows, 21273 unique tokens, 10.9s
  scan: 1500000 rows, 25534 unique tokens, 16.4s
  scan: 2000000 rows, 28709 unique tokens, 21.8s
  scan: 2500000 rows, 31352 unique tokens, 27.2s
  scan: 3000000 rows, 33737 unique tokens, 32.7s
scan pass done: 3012942 rows, 33788 unique tokens, 32.8s
=== identify pass (33788 unique tokens, 11 workers) ===
identify pass: 0 cached, 33788 to compute, 11 workers
  identify: 69/33788 (21.8s, 3.2/s)
  identify: 200/33788 (23.5s, 8.5/s)
  identify: 217/33788 (42.1s, 5.2/s)
  identify: 325/33788 (61.3s, 5.3/s)
  identify: 400/33788 (64.7s, 6.2/s)
  identify: 401/33788 (82.3s, 4.9/s)
  identify: 501/33788 (102.4s, 4.9/s)
  identify: 577/33788 (122.9s, 4.7/s)
  identify: 600/33788 (124.0s, 4.8/s)
  identify: 669/33788 (143.2s, 4.7/s)
  identify: 785/33788 (163.4s, 4.8/s)
  identify: 800/33788 (163.6s, 4.9/s)
  identify: 905/33788 (183.9s, 4.9/s)
  identify: 965/33788 (204.0s, 4.7/s)
  identify: 1000/33788 (207.4s, 4.8/s)
  identify: 1029/33788 (224.2s, 4.6/s)
  identify: 1125/33788 (244.4s, 4.6/s)
  identify: 1200/33788 (252.3s, 4.8/s)
  identify: 1229/33788 (267.3s, 4.6/s)
  identify: 1273/33788 (285.1s, 4.5/s)
  identify: 1377/33788 (305.4s, 4.5/s)
  identify: 1400/33788 (307.5s, 4.6/s)
  identify: 1525/33788 (325.6s, 4.7/s)
  identify: 1600/33788 (329.3s, 4.9/s)
  identify: 1677/33788 (346.5s, 4.8/s)
  identify: 1725/33788 (366.8s, 4.7/s)
  identify: 1800/33788 (372.4s, 4.8/s)
  identify: 1829/33788 (387.5s, 4.7/s)
  identify: 1929/33788 (408.6s, 4.7/s)
  identify: 2000/33788 (410.7s, 4.9/s)
  identify: 2025/33788 (428.8s, 4.7/s)
  identify: 2093/33788 (449.0s, 4.7/s)
  identify: 2157/33788 (469.2s, 4.6/s)
  identify: 2200/33788 (471.6s, 4.7/s)
  identify: 2257/33788 (489.3s, 4.6/s)
  identify: 2357/33788 (509.9s, 4.6/s)
  identify: 2400/33788 (511.3s, 4.7/s)
  identify: 2437/33788 (530.1s, 4.6/s)
  identify: 2525/33788 (550.7s, 4.6/s)
  identify: 2600/33788 (555.9s, 4.7/s)
  identify: 2625/33788 (571.4s, 4.6/s)
  identify: 2705/33788 (591.6s, 4.6/s)
  identify: 2793/33788 (612.2s, 4.6/s)
  identify: 2800/33788 (612.9s, 4.6/s)
  identify: 2861/33788 (632.1s, 4.5/s)
  identify: 2977/33788 (652.8s, 4.6/s)
  identify: 3000/33788 (653.9s, 4.6/s)
  identify: 3101/33788 (673.3s, 4.6/s)
  identify: 3165/33788 (693.5s, 4.6/s)
  identify: 3200/33788 (695.0s, 4.6/s)
  identify: 3333/33788 (714.0s, 4.7/s)
  identify: 3400/33788 (723.0s, 4.7/s)
  identify: 3441/33788 (738.6s, 4.7/s)
  identify: 3505/33788 (754.3s, 4.6/s)
  identify: 3565/33788 (775.1s, 4.6/s)
  identify: 3600/33788 (784.5s, 4.6/s)
  identify: 3653/33788 (799.6s, 4.6/s)
  identify: 3673/33788 (815.3s, 4.5/s)
  identify: 3757/33788 (834.7s, 4.5/s)
  identify: 3800/33788 (838.5s, 4.5/s)
  identify: 3869/33788 (854.9s, 4.5/s)
  identify: 3997/33788 (875.7s, 4.6/s)
  identify: 4000/33788 (875.9s, 4.6/s)
  identify: 4109/33788 (896.5s, 4.6/s)
  identify: 4200/33788 (906.6s, 4.6/s)
  identify: 4245/33788 (922.1s, 4.6/s)
  identify: 4277/33788 (939.1s, 4.6/s)
  identify: 4400/33788 (947.3s, 4.6/s)
  identify: 4477/33788 (962.5s, 4.7/s)
  identify: 4525/33788 (978.6s, 4.6/s)
  identify: 4600/33788 (983.4s, 4.7/s)
  identify: 4617/33788 (998.8s, 4.6/s)
  identify: 4713/33788 (1020.1s, 4.6/s)
  identify: 4769/33788 (1039.1s, 4.6/s)
  identify: 4800/33788 (1041.4s, 4.6/s)
  identify: 4841/33788 (1059.4s, 4.6/s)
  identify: 4909/33788 (1079.7s, 4.5/s)
  identify: 5000/33788 (1086.2s, 4.6/s)
  identify: 5045/33788 (1105.1s, 4.6/s)
  identify: 5121/33788 (1120.3s, 4.6/s)
  identify: 5200/33788 (1127.4s, 4.6/s)
  identify: 5237/33788 (1142.6s, 4.6/s)
  identify: 5341/33788 (1160.5s, 4.6/s)
  identify: 5400/33788 (1168.2s, 4.6/s)
  identify: 5457/33788 (1183.2s, 4.6/s)
  identify: 5553/33788 (1202.6s, 4.6/s)
  identify: 5600/33788 (1215.2s, 4.6/s)
  identify: 5673/33788 (1230.4s, 4.6/s)
  identify: 5745/33788 (1246.5s, 4.6/s)
  identify: 5800/33788 (1249.9s, 4.6/s)
  identify: 5845/33788 (1267.6s, 4.6/s)
  identify: 5925/33788 (1283.1s, 4.6/s)
  identify: 6000/33788 (1297.7s, 4.6/s)
  identify: 6057/33788 (1316.0s, 4.6/s)
  identify: 6117/33788 (1331.5s, 4.6/s)
  identify: 6197/33788 (1346.7s, 4.6/s)
  identify: 6200/33788 (1347.3s, 4.6/s)
  identify: 6249/33788 (1364.5s, 4.6/s)
  identify: 6389/33788 (1384.7s, 4.6/s)
  identify: 6400/33788 (1387.1s, 4.6/s)
  identify: 6513/33788 (1404.9s, 4.6/s)
  identify: 6600/33788 (1414.6s, 4.7/s)
  identify: 6645/33788 (1430.9s, 4.6/s)
  identify: 6705/33788 (1449.1s, 4.6/s)
  identify: 6777/33788 (1465.5s, 4.6/s)
  identify: 6800/33788 (1469.8s, 4.6/s)
  identify: 6897/33788 (1486.5s, 4.6/s)
  identify: 6973/33788 (1502.4s, 4.6/s)
  identify: 7000/33788 (1515.0s, 4.6/s)
  identify: 7077/33788 (1530.7s, 4.6/s)
  identify: 7125/33788 (1548.3s, 4.6/s)
  identify: 7200/33788 (1557.9s, 4.6/s)
  identify: 7265/33788 (1576.5s, 4.6/s)
  identify: 7337/33788 (1591.6s, 4.6/s)
  identify: 7400/33788 (1598.8s, 4.6/s)
  identify: 7521/33788 (1613.9s, 4.7/s)
  identify: 7573/33788 (1631.4s, 4.6/s)
  identify: 7600/33788 (1633.6s, 4.7/s)
  identify: 7665/33788 (1651.8s, 4.6/s)
  identify: 7725/33788 (1666.9s, 4.6/s)
  identify: 7800/33788 (1679.6s, 4.6/s)
  identify: 7865/33788 (1695.2s, 4.6/s)
  identify: 7941/33788 (1712.7s, 4.6/s)
  identify: 8000/33788 (1721.6s, 4.6/s)
  identify: 8081/33788 (1736.7s, 4.7/s)
  identify: 8129/33788 (1753.6s, 4.6/s)
  identify: 8200/33788 (1762.0s, 4.7/s)
  identify: 8245/33788 (1777.4s, 4.6/s)
  identify: 8317/33788 (1794.0s, 4.6/s)
  identify: 8400/33788 (1805.0s, 4.7/s)
  identify: 8437/33788 (1822.4s, 4.6/s)
  identify: 8497/33788 (1838.6s, 4.6/s)
  identify: 8569/33788 (1856.6s, 4.6/s)
  identify: 8600/33788 (1859.7s, 4.6/s)
  identify: 8693/33788 (1877.2s, 4.6/s)
  identify: 8793/33788 (1892.5s, 4.6/s)
  identify: 8800/33788 (1893.1s, 4.6/s)
  identify: 8889/33788 (1908.2s, 4.7/s)
  identify: 8945/33788 (1925.1s, 4.6/s)
  identify: 9000/33788 (1930.7s, 4.7/s)
  identify: 9093/33788 (1945.7s, 4.7/s)
  identify: 9137/33788 (1961.2s, 4.7/s)
  identify: 9200/33788 (1967.6s, 4.7/s)
  identify: 9229/33788 (1982.7s, 4.7/s)
  identify: 9313/33788 (2002.0s, 4.7/s)
  identify: 9400/33788 (2011.9s, 4.7/s)
  identify: 9441/33788 (2027.3s, 4.7/s)
  identify: 9497/33788 (2043.3s, 4.6/s)
  identify: 9600/33788 (2054.0s, 4.7/s)
  identify: 9653/33788 (2070.4s, 4.7/s)
  identify: 9721/33788 (2085.4s, 4.7/s)
  identify: 9800/33788 (2091.4s, 4.7/s)
  identify: 9877/33788 (2110.0s, 4.7/s)
  identify: 9929/33788 (2125.4s, 4.7/s)
  identify: 10000/33788 (2133.1s, 4.7/s)
  identify: 10065/33788 (2148.6s, 4.7/s)
  identify: 10133/33788 (2167.4s, 4.7/s)
  identify: 10200/33788 (2174.0s, 4.7/s)
  identify: 10261/33788 (2191.4s, 4.7/s)
  identify: 10329/33788 (2207.1s, 4.7/s)
  identify: 10400/33788 (2218.3s, 4.7/s)
  identify: 10465/33788 (2234.2s, 4.7/s)
  identify: 10577/33788 (2249.6s, 4.7/s)
  identify: 10600/33788 (2255.7s, 4.7/s)
  identify: 10693/33788 (2270.8s, 4.7/s)
  identify: 10749/33788 (2289.3s, 4.7/s)
  identify: 10800/33788 (2299.9s, 4.7/s)
  identify: 10869/33788 (2315.4s, 4.7/s)
  identify: 10949/33788 (2330.5s, 4.7/s)
  identify: 11000/33788 (2340.5s, 4.7/s)
  identify: 11081/33788 (2355.5s, 4.7/s)
  identify: 11149/33788 (2371.1s, 4.7/s)
  identify: 11200/33788 (2382.2s, 4.7/s)
  identify: 11249/33788 (2397.3s, 4.7/s)
  identify: 11321/33788 (2412.5s, 4.7/s)
  identify: 11381/33788 (2432.6s, 4.7/s)
  identify: 11400/33788 (2438.6s, 4.7/s)
  identify: 11445/33788 (2457.7s, 4.7/s)
  identify: 11501/33788 (2473.2s, 4.7/s)
  identify: 11593/33788 (2492.7s, 4.7/s)
  identify: 11600/33788 (2493.5s, 4.7/s)
  identify: 11685/33788 (2513.6s, 4.6/s)
  identify: 11777/33788 (2534.2s, 4.6/s)
  identify: 11800/33788 (2536.0s, 4.7/s)
  identify: 11845/33788 (2554.5s, 4.6/s)
  identify: 11949/33788 (2574.9s, 4.6/s)
  identify: 12000/33788 (2588.1s, 4.6/s)
  identify: 12061/33788 (2604.6s, 4.6/s)
  identify: 12149/33788 (2622.2s, 4.6/s)
  identify: 12200/33788 (2626.7s, 4.6/s)
  identify: 12269/33788 (2647.4s, 4.6/s)
  identify: 12321/33788 (2662.4s, 4.6/s)
  identify: 12400/33788 (2676.5s, 4.6/s)
  identify: 12493/33788 (2696.7s, 4.6/s)
  identify: 12549/33788 (2716.8s, 4.6/s)
  identify: 12600/33788 (2725.0s, 4.6/s)
  identify: 12677/33788 (2740.0s, 4.6/s)
  identify: 12761/33788 (2757.0s, 4.6/s)
  identify: 12800/33788 (2761.1s, 4.6/s)
  identify: 12865/33788 (2777.2s, 4.6/s)
  identify: 12957/33788 (2792.5s, 4.6/s)
  identify: 13000/33788 (2799.1s, 4.6/s)
  identify: 13101/33788 (2814.6s, 4.7/s)
  identify: 13177/33788 (2830.8s, 4.7/s)
  identify: 13200/33788 (2831.8s, 4.7/s)
  identify: 13289/33788 (2847.3s, 4.7/s)
  identify: 13353/33788 (2863.2s, 4.7/s)
  identify: 13400/33788 (2868.1s, 4.7/s)
  identify: 13473/33788 (2883.3s, 4.7/s)
  identify: 13577/33788 (2902.9s, 4.7/s)
  identify: 13600/33788 (2905.9s, 4.7/s)
  identify: 13653/33788 (2923.1s, 4.7/s)
  identify: 13765/33788 (2938.2s, 4.7/s)
  identify: 13797/33788 (2953.5s, 4.7/s)
  identify: 13800/33788 (2954.5s, 4.7/s)
  identify: 13869/33788 (2969.6s, 4.7/s)
  identify: 13957/33788 (2985.6s, 4.7/s)
  identify: 14000/33788 (2992.1s, 4.7/s)
  identify: 14073/33788 (3008.2s, 4.7/s)
  identify: 14117/33788 (3024.6s, 4.7/s)
  identify: 14200/33788 (3035.0s, 4.7/s)
  identify: 14293/33788 (3050.0s, 4.7/s)
  identify: 14393/33788 (3065.5s, 4.7/s)
  identify: 14400/33788 (3067.1s, 4.7/s)
  identify: 14449/33788 (3082.2s, 4.7/s)
  identify: 14529/33788 (3097.4s, 4.7/s)
  identify: 14600/33788 (3111.9s, 4.7/s)
  identify: 14649/33788 (3127.7s, 4.7/s)
  identify: 14773/33788 (3147.9s, 4.7/s)
  identify: 14800/33788 (3154.1s, 4.7/s)
  identify: 14873/33788 (3172.0s, 4.7/s)
  identify: 14941/33788 (3188.1s, 4.7/s)
  identify: 15000/33788 (3199.6s, 4.7/s)
  identify: 15057/33788 (3215.5s, 4.7/s)
  identify: 15097/33788 (3231.8s, 4.7/s)
  identify: 15200/33788 (3244.6s, 4.7/s)
  identify: 15277/33788 (3259.9s, 4.7/s)
  identify: 15365/33788 (3275.3s, 4.7/s)
  identify: 15400/33788 (3278.9s, 4.7/s)
  identify: 15465/33788 (3294.7s, 4.7/s)
  identify: 15501/33788 (3313.7s, 4.7/s)
  identify: 15589/33788 (3334.2s, 4.7/s)
  identify: 15600/33788 (3335.1s, 4.7/s)
  identify: 15701/33788 (3354.4s, 4.7/s)
  identify: 15793/33788 (3376.4s, 4.7/s)
  identify: 15800/33788 (3377.7s, 4.7/s)
  identify: 15881/33788 (3396.7s, 4.7/s)
  identify: 15965/33788 (3418.0s, 4.7/s)
  identify: 15997/33788 (3439.3s, 4.7/s)
  identify: 16000/33788 (3440.3s, 4.7/s)
  identify: 16073/33788 (3458.3s, 4.6/s)
  identify: 16165/33788 (3479.8s, 4.6/s)
  identify: 16200/33788 (3481.7s, 4.7/s)
  identify: 16273/33788 (3500.7s, 4.6/s)
  identify: 16400/33788 (3511.9s, 4.7/s)
  identify: 16469/33788 (3527.0s, 4.7/s)
  identify: 16529/33788 (3542.1s, 4.7/s)
  identify: 16549/33788 (3562.2s, 4.6/s)
  identify: 16600/33788 (3571.1s, 4.6/s)
  identify: 16641/33788 (3586.3s, 4.6/s)
  identify: 16677/33788 (3601.9s, 4.6/s)
  identify: 16749/33788 (3622.1s, 4.6/s)
  identify: 16800/33788 (3624.0s, 4.6/s)
  identify: 16833/33788 (3642.6s, 4.6/s)
  identify: 16917/33788 (3663.3s, 4.6/s)
  identify: 17000/33788 (3668.3s, 4.6/s)
  identify: 17049/33788 (3685.0s, 4.6/s)
  identify: 17133/33788 (3704.4s, 4.6/s)
  identify: 17200/33788 (3709.7s, 4.6/s)
  identify: 17229/33788 (3725.6s, 4.6/s)
  identify: 17321/33788 (3745.7s, 4.6/s)
  identify: 17400/33788 (3752.8s, 4.6/s)
  identify: 17465/33788 (3770.5s, 4.6/s)
  identify: 17509/33788 (3786.7s, 4.6/s)
  identify: 17600/33788 (3797.3s, 4.6/s)
  identify: 17641/33788 (3813.2s, 4.6/s)
  identify: 17709/33788 (3828.5s, 4.6/s)
  identify: 17777/33788 (3847.4s, 4.6/s)
  identify: 17800/33788 (3848.7s, 4.6/s)
  identify: 17861/33788 (3868.1s, 4.6/s)
  identify: 17993/33788 (3888.2s, 4.6/s)
  identify: 18000/33788 (3889.5s, 4.6/s)
  identify: 18057/33788 (3910.1s, 4.6/s)
  identify: 18129/33788 (3928.4s, 4.6/s)
  identify: 18200/33788 (3938.6s, 4.6/s)
  identify: 18253/33788 (3954.7s, 4.6/s)
  identify: 18301/33788 (3971.3s, 4.6/s)
  identify: 18400/33788 (3980.4s, 4.6/s)
  identify: 18441/33788 (3997.5s, 4.6/s)
  identify: 18485/33788 (4012.6s, 4.6/s)
  identify: 18569/33788 (4029.1s, 4.6/s)
  identify: 18600/33788 (4033.5s, 4.6/s)
  identify: 18717/33788 (4053.9s, 4.6/s)
  identify: 18800/33788 (4063.0s, 4.6/s)
  identify: 18861/33788 (4078.3s, 4.6/s)
  identify: 18925/33788 (4094.5s, 4.6/s)
  identify: 18969/33788 (4110.2s, 4.6/s)
  identify: 19000/33788 (4118.8s, 4.6/s)
  identify: 19077/33788 (4135.2s, 4.6/s)
  identify: 19193/33788 (4151.2s, 4.6/s)
  identify: 19200/33788 (4155.6s, 4.6/s)
  identify: 19265/33788 (4171.3s, 4.6/s)
  identify: 19321/33788 (4187.0s, 4.6/s)
  identify: 19393/33788 (4203.5s, 4.6/s)
  identify: 19400/33788 (4204.8s, 4.6/s)
  identify: 19465/33788 (4221.1s, 4.6/s)
  identify: 19521/33788 (4239.7s, 4.6/s)
  identify: 19577/33788 (4256.3s, 4.6/s)
  identify: 19600/33788 (4258.8s, 4.6/s)
  identify: 19657/33788 (4276.5s, 4.6/s)
  identify: 19749/33788 (4292.8s, 4.6/s)
  identify: 19777/33788 (4308.0s, 4.6/s)
  identify: 19800/33788 (4313.0s, 4.6/s)
  identify: 19845/33788 (4328.1s, 4.6/s)
  identify: 19921/33788 (4345.4s, 4.6/s)
  identify: 19961/33788 (4361.8s, 4.6/s)
  identify: 20000/33788 (4365.8s, 4.6/s)
  identify: 20037/33788 (4381.7s, 4.6/s)
  identify: 20169/33788 (4398.1s, 4.6/s)
  identify: 20200/33788 (4402.8s, 4.6/s)
  identify: 20245/33788 (4418.5s, 4.6/s)
  identify: 20377/33788 (4435.4s, 4.6/s)
  identify: 20400/33788 (4440.2s, 4.6/s)
  identify: 20449/33788 (4456.2s, 4.6/s)
  identify: 20505/33788 (4471.2s, 4.6/s)
  identify: 20565/33788 (4486.3s, 4.6/s)
  identify: 20600/33788 (4488.3s, 4.6/s)
  identify: 20657/33788 (4503.8s, 4.6/s)
  identify: 20757/33788 (4521.4s, 4.6/s)
  identify: 20800/33788 (4534.2s, 4.6/s)
  identify: 20873/33788 (4549.7s, 4.6/s)
  identify: 20933/33788 (4564.8s, 4.6/s)
  identify: 20993/33788 (4583.6s, 4.6/s)
  identify: 21000/33788 (4585.1s, 4.6/s)
  identify: 21089/33788 (4600.2s, 4.6/s)
  identify: 21121/33788 (4615.8s, 4.6/s)
  identify: 21200/33788 (4624.9s, 4.6/s)
  identify: 21329/33788 (4645.8s, 4.6/s)
  identify: 21400/33788 (4655.3s, 4.6/s)
  identify: 21437/33788 (4670.3s, 4.6/s)
  identify: 21481/33788 (4686.0s, 4.6/s)
  identify: 21565/33788 (4702.3s, 4.6/s)
  identify: 21600/33788 (4708.0s, 4.6/s)
  identify: 21693/33788 (4727.3s, 4.6/s)
  identify: 21765/33788 (4742.4s, 4.6/s)
  identify: 21800/33788 (4748.5s, 4.6/s)
  identify: 21865/33788 (4768.4s, 4.6/s)
  identify: 21925/33788 (4788.6s, 4.6/s)
  identify: 22000/33788 (4803.2s, 4.6/s)
  identify: 22101/33788 (4818.2s, 4.6/s)
  identify: 22200/33788 (4832.4s, 4.6/s)
  identify: 22293/33788 (4847.5s, 4.6/s)
  identify: 22329/33788 (4862.6s, 4.6/s)
  identify: 22400/33788 (4874.3s, 4.6/s)
  identify: 22425/33788 (4890.4s, 4.6/s)
  identify: 22477/33788 (4906.2s, 4.6/s)
  identify: 22533/33788 (4923.4s, 4.6/s)
  identify: 22600/33788 (4935.5s, 4.6/s)
  identify: 22669/33788 (4951.9s, 4.6/s)
  identify: 22737/33788 (4967.8s, 4.6/s)
  identify: 22800/33788 (4975.9s, 4.6/s)
  identify: 22877/33788 (4992.1s, 4.6/s)
  identify: 22965/33788 (5009.0s, 4.6/s)
  identify: 23000/33788 (5011.0s, 4.6/s)
  identify: 23049/33788 (5029.7s, 4.6/s)
  identify: 23149/33788 (5045.6s, 4.6/s)
  identify: 23200/33788 (5059.1s, 4.6/s)
  identify: 23233/33788 (5075.7s, 4.6/s)
  identify: 23297/33788 (5090.7s, 4.6/s)
  identify: 23400/33788 (5100.8s, 4.6/s)
  identify: 23485/33788 (5117.5s, 4.6/s)
  identify: 23569/33788 (5133.4s, 4.6/s)
  identify: 23600/33788 (5139.5s, 4.6/s)
  identify: 23681/33788 (5154.8s, 4.6/s)
  identify: 23729/33788 (5173.8s, 4.6/s)
  identify: 23800/33788 (5182.8s, 4.6/s)
  identify: 23873/33788 (5198.0s, 4.6/s)
  identify: 24000/33788 (5209.9s, 4.6/s)
  identify: 24077/33788 (5225.0s, 4.6/s)
  identify: 24113/33788 (5240.4s, 4.6/s)
  identify: 24149/33788 (5255.7s, 4.6/s)
  identify: 24200/33788 (5261.8s, 4.6/s)
  identify: 24253/33788 (5277.3s, 4.6/s)
  identify: 24369/33788 (5293.2s, 4.6/s)
  identify: 24400/33788 (5297.7s, 4.6/s)
  identify: 24461/33788 (5316.4s, 4.6/s)
  identify: 24565/33788 (5333.6s, 4.6/s)
  identify: 24600/33788 (5343.8s, 4.6/s)
  identify: 24737/33788 (5358.9s, 4.6/s)
  identify: 24800/33788 (5368.0s, 4.6/s)
  identify: 24841/33788 (5384.5s, 4.6/s)
  identify: 24917/33788 (5404.2s, 4.6/s)
  identify: 25000/33788 (5410.3s, 4.6/s)
  identify: 25025/33788 (5425.5s, 4.6/s)
  identify: 25101/33788 (5440.6s, 4.6/s)
  identify: 25189/33788 (5458.9s, 4.6/s)
  identify: 25200/33788 (5460.5s, 4.6/s)
  identify: 25293/33788 (5475.7s, 4.6/s)
  identify: 25400/33788 (5486.4s, 4.6/s)
  identify: 25453/33788 (5503.8s, 4.6/s)
  identify: 25533/33788 (5520.2s, 4.6/s)
  identify: 25600/33788 (5533.0s, 4.6/s)
  identify: 25733/33788 (5549.0s, 4.6/s)
  identify: 25800/33788 (5556.2s, 4.6/s)
  identify: 25865/33788 (5572.7s, 4.6/s)
  identify: 25941/33788 (5588.5s, 4.6/s)
  identify: 26000/33788 (5602.6s, 4.6/s)
  identify: 26041/33788 (5617.7s, 4.6/s)
  identify: 26105/33788 (5636.4s, 4.6/s)
  identify: 26161/33788 (5651.6s, 4.6/s)
  identify: 26200/33788 (5657.9s, 4.6/s)
  identify: 26241/33788 (5674.0s, 4.6/s)
  identify: 26293/33788 (5690.1s, 4.6/s)
  identify: 26381/33788 (5705.4s, 4.6/s)
  identify: 26400/33788 (5707.1s, 4.6/s)
  identify: 26509/33788 (5724.1s, 4.6/s)
  identify: 26581/33788 (5739.2s, 4.6/s)
  identify: 26600/33788 (5741.3s, 4.6/s)
  identify: 26713/33788 (5756.6s, 4.6/s)
  identify: 26800/33788 (5764.9s, 4.6/s)
  identify: 26829/33788 (5782.1s, 4.6/s)
  identify: 26897/33788 (5797.2s, 4.6/s)
  identify: 26957/33788 (5812.3s, 4.6/s)
  identify: 27000/33788 (5823.6s, 4.6/s)
  identify: 27053/33788 (5838.6s, 4.6/s)
  identify: 27200/33788 (5848.3s, 4.7/s)
  identify: 27285/33788 (5864.6s, 4.7/s)
  identify: 27345/33788 (5879.7s, 4.7/s)
  identify: 27400/33788 (5888.9s, 4.7/s)
  identify: 27501/33788 (5905.4s, 4.7/s)
  identify: 27593/33788 (5920.5s, 4.7/s)
  identify: 27600/33788 (5922.5s, 4.7/s)
  identify: 27685/33788 (5939.0s, 4.7/s)
  identify: 27761/33788 (5956.1s, 4.7/s)
  identify: 27800/33788 (5965.2s, 4.7/s)
  identify: 27837/33788 (5980.3s, 4.7/s)
  identify: 27933/33788 (5996.7s, 4.7/s)
  identify: 28000/33788 (6007.0s, 4.7/s)
  identify: 28057/33788 (6023.0s, 4.7/s)
  identify: 28113/33788 (6040.9s, 4.7/s)
  identify: 28200/33788 (6052.4s, 4.7/s)
  identify: 28257/33788 (6068.3s, 4.7/s)
  identify: 28353/33788 (6084.7s, 4.7/s)
  identify: 28400/33788 (6098.5s, 4.7/s)
  identify: 28569/33788 (6113.5s, 4.7/s)
  identify: 28600/33788 (6119.5s, 4.7/s)
  identify: 28665/33788 (6140.3s, 4.7/s)
  identify: 28781/33788 (6155.4s, 4.7/s)
  identify: 28800/33788 (6161.5s, 4.7/s)
  identify: 28849/33788 (6177.1s, 4.7/s)
  identify: 28929/33788 (6192.3s, 4.7/s)
  identify: 28981/33788 (6207.9s, 4.7/s)
  identify: 29000/33788 (6209.8s, 4.7/s)
  identify: 29085/33788 (6224.9s, 4.7/s)
  identify: 29169/33788 (6245.5s, 4.7/s)
  identify: 29200/33788 (6250.3s, 4.7/s)
  identify: 29253/33788 (6265.6s, 4.7/s)
  identify: 29341/33788 (6287.5s, 4.7/s)
  identify: 29400/33788 (6299.2s, 4.7/s)
  identify: 29441/33788 (6318.5s, 4.7/s)
  identify: 29481/33788 (6333.6s, 4.7/s)
  identify: 29545/33788 (6348.8s, 4.7/s)
  identify: 29600/33788 (6358.7s, 4.7/s)
  identify: 29653/33788 (6375.1s, 4.7/s)
  identify: 29717/33788 (6391.6s, 4.6/s)
  identify: 29765/33788 (6409.7s, 4.6/s)
  identify: 29800/33788 (6416.4s, 4.6/s)
  identify: 29933/33788 (6433.0s, 4.7/s)
  identify: 29981/33788 (6450.5s, 4.6/s)
  identify: 30000/33788 (6452.6s, 4.6/s)
  identify: 30069/33788 (6470.7s, 4.6/s)
  identify: 30197/33788 (6491.1s, 4.7/s)
  identify: 30200/33788 (6493.2s, 4.7/s)
  identify: 30309/33788 (6511.7s, 4.7/s)
  identify: 30400/33788 (6525.8s, 4.7/s)
  identify: 30453/33788 (6542.3s, 4.7/s)
  identify: 30529/33788 (6557.5s, 4.7/s)
  identify: 30561/33788 (6572.7s, 4.6/s)
  identify: 30600/33788 (6575.8s, 4.7/s)
  identify: 30697/33788 (6594.2s, 4.7/s)
  identify: 30737/33788 (6614.4s, 4.6/s)
  identify: 30789/33788 (6635.0s, 4.6/s)
  identify: 30800/33788 (6637.0s, 4.6/s)
  identify: 30889/33788 (6655.4s, 4.6/s)
  identify: 30941/33788 (6670.5s, 4.6/s)
  identify: 31000/33788 (6672.7s, 4.6/s)
  identify: 31041/33788 (6688.4s, 4.6/s)
  identify: 31137/33788 (6704.5s, 4.6/s)
  identify: 31185/33788 (6720.2s, 4.6/s)
  identify: 31200/33788 (6722.3s, 4.6/s)
  identify: 31249/33788 (6737.5s, 4.6/s)
  identify: 31297/33788 (6752.8s, 4.6/s)
  identify: 31400/33788 (6763.7s, 4.6/s)
  identify: 31421/33788 (6780.4s, 4.6/s)
  identify: 31529/33788 (6798.3s, 4.6/s)
  identify: 31600/33788 (6806.6s, 4.6/s)
  identify: 31677/33788 (6822.0s, 4.6/s)
  identify: 31737/33788 (6838.8s, 4.6/s)
  identify: 31797/33788 (6855.2s, 4.6/s)
  identify: 31800/33788 (6857.4s, 4.6/s)
  identify: 31865/33788 (6874.2s, 4.6/s)
  identify: 31965/33788 (6891.3s, 4.6/s)
  identify: 32000/33788 (6905.3s, 4.6/s)
  identify: 32061/33788 (6920.4s, 4.6/s)
  identify: 32145/33788 (6936.0s, 4.6/s)
  identify: 32200/33788 (6947.0s, 4.6/s)
  identify: 32265/33788 (6962.4s, 4.6/s)
  identify: 32333/33788 (6977.5s, 4.6/s)
  identify: 32393/33788 (6996.9s, 4.6/s)
  identify: 32400/33788 (6999.2s, 4.6/s)
  identify: 32457/33788 (7014.9s, 4.6/s)
  identify: 32525/33788 (7030.2s, 4.6/s)
  identify: 32600/33788 (7042.8s, 4.6/s)
  identify: 32637/33788 (7058.7s, 4.6/s)
  identify: 32717/33788 (7076.1s, 4.6/s)
  identify: 32769/33788 (7091.3s, 4.6/s)
  identify: 32800/33788 (7096.5s, 4.6/s)
  identify: 32861/33788 (7112.2s, 4.6/s)
  identify: 32905/33788 (7127.3s, 4.6/s)
  identify: 32985/33788 (7145.1s, 4.6/s)
  identify: 33000/33788 (7148.0s, 4.6/s)
  identify: 33065/33788 (7165.3s, 4.6/s)
  identify: 33113/33788 (7180.4s, 4.6/s)
  identify: 33169/33788 (7198.8s, 4.6/s)
  identify: 33200/33788 (7211.9s, 4.6/s)
  identify: 33289/33788 (7227.8s, 4.6/s)
  identify: 33373/33788 (7246.9s, 4.6/s)
  identify: 33400/33788 (7252.7s, 4.6/s)
  identify: 33473/33788 (7268.2s, 4.6/s)
  identify: 33565/33788 (7287.5s, 4.6/s)
  identify: 33600/33788 (7289.9s, 4.6/s)
  identify: 33653/33788 (7308.5s, 4.6/s)
  identify: 33745/33788 (7323.6s, 4.6/s)
  identify: 33773/33788 (7339.0s, 4.6/s)
identify pass done: 33788 computed in 7351.2s
identification summary: {'identified': 29822, 'unresolved': 3965, 'unknot': 1}
=== write pass -> 13n_65_2_layer_collar_identified.csv ===
  write: 500000 rows, 31.9s
  write: 1000000 rows, 63.8s
  write: 1500000 rows, 95.9s
  write: 2000000 rows, 128.2s
  write: 2500000 rows, 160.6s
  write: 3000000 rows, 192.8s
write pass done: 3012942 rows written, 2930430 fully identified (97.3%), 193.6s
